// Jest Snapshot v1, https://goo.gl/fbAQLP

exports[`Render Input should render Input 1`] = `"<div class=\\"input\\"><div class=\\"form-group mt-3\\"><label>Label</label><textarea rows=\\"4\\" class=\\"form-control\\">Input</textarea><span id=\\"field-len\\" class=\\"float-right length-label\\">length: 5</span></div></div><div class=\\"output\\"><div class=\\"form-group mt-3\\"><label>Label</label><textarea rows=\\"4\\" class=\\"form-control\\">Input</textarea><span id=\\"field-len\\" class=\\"float-right length-label\\">length: 5</span></div></div>"`;
