// Jest Snapshot v1, https://goo.gl/fbAQLP

exports[`Render Input should render Input 1`] = `"<div class=\\"input\\"><div class=\\"form-group mt-3\\"><label>Label</label><textarea spellcheck=\\"false\\" rows=\\"4\\" class=\\"form-control\\">Input</textarea><span id=\\"field-len\\" class=\\"float-end length-label\\">length: 5</span></div></div><div class=\\"direction\\"><div class=\\"row\\"><div id=\\"direction\\" style=\\"transform: unset;\\"><svg width=\\"50\\" height=\\"50\\" viewBox=\\"0 0 50 50\\" fill=\\"none\\"><path d=\\"M0 20H15V0H35V20H50L25 50\\" fill=\\"black\\"></path></svg></div></div></div><div class=\\"output\\"><div class=\\"form-group mt-3\\"><label>Label</label><textarea spellcheck=\\"false\\" rows=\\"4\\" class=\\"form-control\\">Input</textarea><span id=\\"field-len\\" class=\\"float-end length-label\\">length: 5</span></div></div>"`;
